

## 树莓派内核及开发工具获取
```
固件：git://github.com/raspberrypi/firmware.git 
内核：git://github.com/raspberrypi/linux.git 
开发工具：git://github.com/raspberrypi/tools.git 
```
## .config 文件的提取

在树莓派终端下执行
```
sudo modprobe configs
```
/proc/下就有config.gz的文件
执行
```
zcat config.gz > ..../.config
```
将当前config使用的文件放到内核目录下 就不需要配置


## 查看树莓派型号

```
pi@raspberrypi:~ $ cat /proc/device-tree/model
Raspberry Pi 3 Model B Rev 1.2
```
## 查看CPU型号
```
cat /proc/cpuinfo
......
Hardware	: BCM2835
......
```

BCM270x 属于处理器的家族</br>
BCM283x 属于处理的具体型号

树莓派及博通官方称其为： BCM283x </br>
而内核开发者称其为：BCM270x

BCM2835对应的是BCM2709

## 查看IO映射
```
pi@raspberrypi:~ $ sudo cat /proc/iomem
00000000-3b3fffff : System RAM
  00008000-00afffff : Kernel code
  00c00000-00d3da63 : Kernel data
3f006000-3f006fff : dwc_otg
3f007000-3f007eff : /soc/dma@7e007000
3f00b840-3f00b84e : /soc/vchiq
3f00b880-3f00b8bf : /soc/mailbox@7e00b880
3f101000-3f102fff : /soc/cprman@7e101000
3f200000-3f2000b3 : /soc/gpio@7e200000
3f201000-3f201fff : /soc/serial@7e201000
  3f201000-3f201fff : /soc/serial@7e201000
3f202000-3f2020ff : /soc/sdhost@7e202000
3f215000-3f215007 : /soc/aux@0x7e215000
3f300000-3f3000ff : /soc/mmc@7e300000
3f804000-3f804fff : /soc/i2c@7e804000
3f980000-3f98ffff : dwc_otg

```

## 查看内核版本
```
pi@raspberrypi:~ $ uname -a
Linux raspberrypi 4.9.41-v7+ #1023 SMP Tue Aug 8 16:00:15 BST 2017 armv7l GNU/Linux
```